   Γû▓ Next.js 14.1.0
   - Environments: .env.local

   Linting and checking validity of types ...
   Creating an optimized production build ...
node.exe : Failed to compile.
At line:1 char:1
+ & "C:\Program 
Files\nodejs/node.exe" "C:\Us
ers\Chandana\AppData\Roami 
...
+ ~~~~~~~~~~~~~~~~~~~~~~~~~~~
~~~~~~~~~~~~~~~~~~~~~~~~~~~~~
~~~~~~~~~~~~~
    + CategoryInfo           
   : NotSpecified    : 
(Failed to compil    
e.:String) [], Remo    
teException
    + FullyQualifiedErr    
orId : NativeComman    dError
 

./lib/walletProvider.tsx
Module not found: Can't 
resolve '@aptos-labs/wallet-a
dapter-react-ui/dist/index.cs
s'

https://nextjs.org/docs/messa
ges/module-not-found

Import trace for requested 
module:
./pages/_app.tsx


> Build failed because of 
webpack errors
